// Jest Snapshot v1, https://goo.gl/fbAQLP

exports[`should render DashboardPage correctly 1`] = `
<div>
  <Link
    className="button"
    replace={false}
    to="/create"
  >
    New post
  </Link>
  <Connect(PostList) />
</div>
`;
