// Jest Snapshot v1, https://goo.gl/fbAQLP

exports[`should render ReadPostPage with a post 1`] = `
<div>
  <h1>
    Post Page
  </h1>
  <h3>
    Test Post Title
  </h3>
  <p>
    Test Post Content
  </p>
</div>
`;
